Enter your risk level (Low / Medium / High): 